// Vitest Snapshot v1, https://vitest.dev/guide/snapshot.html

exports[`Route -> SignIn component > should match snapshot 1`] = `
<DocumentFragment>
  <form>
    <input
      name="email"
      type="email"
    />
    <input
      name="password"
      type="password"
    />
    <button
      type="submit"
    >
      Submit
    </button>
  </form>
  User: 
</DocumentFragment>
`;
