// Jest Snapshot v1, https://goo.gl/fbAQLP

exports[`auth/layouts -> DefaultLayout component renders without crashing 1`] = `
<Fragment>
  <h1>
    Content
  </h1>
</Fragment>
`;

exports[`auth/layouts -> DefaultLayoutRoute component renders without crashing 1`] = `
<Route
  render={[Function]}
/>
`;
