// Jest Snapshot v1, https://goo.gl/fbAQLP

exports[`Route -> Home should match snapshot 1`] = `
<DocumentFragment>
  <div>
    <header>
      <img
        alt="logo"
        src="/static/assets/images/logo.svg"
      />
      <p>
        Edit 
        <code>
          src/app.js
        </code>
         and save to reload.
      </p>
      <a
        href="https://reactjs.org"
        rel="noopener noreferrer"
        target="_blank"
      >
        Learn React
      </a>
      Navigate to
      <a
        href="/about"
        title="go to about page"
      >
        about page
      </a>
      or to
      <a
        href="/sign-in"
        title="go to sign-in page"
      >
        sign-in page
      </a>
    </header>
  </div>
</DocumentFragment>
`;
