// Jest Snapshot v1, https://goo.gl/fbAQLP

exports[`Route -> Home should match snapshot 1`] = `
<DocumentFragment>
  <div>
    <header>
      <img
        alt="logo"
        data-nimg="1"
        decoding="async"
        height="840"
        loading="lazy"
        src="/static/assets/images/logo.svg"
        srcset="/static/assets/images/logo.svg 1x, /static/assets/images/logo.svg 2x"
        style="color: transparent;"
        width="595"
      />
      <p>
        Edit 
        <code>
          src/app.js
        </code>
         and save to reload.
      </p>
      <a
        href="https://reactjs.org"
        rel="noopener noreferrer"
        target="_blank"
      >
        LEARN_REACT
      </a>
      Navigate to
      <a
        href="/about"
        title="go to about page"
      >
        about page
      </a>
      or to
      <a
        href="/sign-in"
        title="go to sign-in page"
      >
        sign-in page
      </a>
    </header>
  </div>
</DocumentFragment>
`;
