// Jest Snapshot v1, https://goo.gl/fbAQLP

exports[`user/layouts -> DefaultLayout component should match snapshot 1`] = `
<DocumentFragment>
  <p>
    lorem ipsum
  </p>
</DocumentFragment>
`;

exports[`user/layouts -> DefaultLayoutRoute component should match snapshot 1`] = `
<DocumentFragment>
  <p>
    lorem ipsum
  </p>
</DocumentFragment>
`;
