// Jest Snapshot v1, https://goo.gl/fbAQLP

exports[`Route -> SignIn should match snapshot 1`] = `
<SignInRoute
  actionGetUser={
    [MockFunction] {
      "calls": Array [
        Array [],
      ],
      "results": Array [
        Object {
          "type": "return",
          "value": undefined,
        },
      ],
    }
  }
  actionLogin={[MockFunction]}
  actionLogout={[MockFunction]}
  dispatch={[MockFunction]}
  linkTo={[MockFunction]}
  name="john doe"
  store={
    Object {
      "clearActions": [Function],
      "dispatch": [Function],
      "getActions": [Function],
      "getState": [Function],
      "replaceReducer": [Function],
      "subscribe": [Function],
    }
  }
>
  <SignIn
    name="john doe"
    onSubmit={[Function]}
  >
    <form
      onSubmit={[Function]}
    >
      <input
        placeholder="Username"
        required={true}
        type="text"
      />
      <input
        placeholder="Password"
        required={true}
        type="password"
      />
      <button
        type="submit"
      >
        Login
      </button>
      <p>
        current user: 
        john doe
      </p>
    </form>
  </SignIn>
</SignInRoute>
`;
