// Jest Snapshot v1, https://goo.gl/fbAQLP

exports[`Route -> Home should match snapshot 1`] = `
<div
  className="App"
>
  <header
    className="App-header"
    onClick={
      [MockFunction] {
        "calls": Array [
          Array [],
        ],
        "results": Array [
          Object {
            "isThrow": false,
            "value": undefined,
          },
        ],
      }
    }
  >
    <img
      alt="logo"
      className="App-logo"
      src="logo.svg"
    />
    <p>
      Edit 
      <code>
        src/App.js
      </code>
       and save to reload.
    </p>
    <a
      className="App-link"
      href="https://reactjs.org"
      rel="noopener noreferrer"
      target="_blank"
    >
      Learn React
    </a>
    Navigate to
    <div
      className="App-link"
      onClick={[Function]}
      title="go to about page"
    >
      about page
    </div>
    or to
    <div
      className="App-link"
      onClick={[Function]}
      title="go to sign-in page"
    >
      sign-in page
    </div>
  </header>
</div>
`;
