// Vitest Snapshot v1, https://vitest.dev/guide/snapshot.html

exports[`Route -> Home > should match snapshot 1`] = `
<DocumentFragment>
  <div
    class="app"
  >
    <header
      class="app-header"
    >
      <img
        alt="logo"
        class="app-logo"
        src="/src/modules/main/assets/images/logo.svg"
      />
      <p>
        Edit 
        <code>
          src/app.tsx
        </code>
         and save to reload.
      </p>
      <a
        class="app-link"
        href="https://reactjs.org"
        rel="noopener noreferrer"
        target="_blank"
      >
        LEARN_REACT
      </a>
      Navigate to
      <div
        class="app-link"
        title="go to about page"
      >
        about page
      </div>
      or to
      <div
        class="app-link"
        title="go to sign-in page"
      >
        sign-in page
      </div>
    </header>
  </div>
</DocumentFragment>
`;
