// Jest Snapshot v1, https://goo.gl/fbAQLP

exports[`user/page -> SignIn component should match snapshot 1`] = `
<DocumentFragment>
  <form>
    <input
      name="email"
      type="email"
    />
    <input
      name="password"
      type="password"
    />
    <button
      type="submit"
    >
      Submit
    </button>
  </form>
</DocumentFragment>
`;
