// Vitest Snapshot v1, https://vitest.dev/guide/snapshot.html

exports[`user/page -> SignIn > should match snapshot 1`] = `
<DocumentFragment>
  <form>
    <input
      name="email"
      type="email"
    />
    <input
      name="password"
      type="password"
    />
    <button
      type="submit"
    >
      Submit
    </button>
  </form>
  User: 
</DocumentFragment>
`;

exports[`user/page -> SignIn should match snapshot 1`] = `
<DocumentFragment>
  <form>
    <input
      name="email"
      type="email"
    />
    <input
      name="password"
      type="password"
    />
    <button
      type="submit"
    >
      Submit
    </button>
  </form>
  User: 
</DocumentFragment>
`;
