// Jest Snapshot v1, https://goo.gl/fbAQLP

exports[`Route -> About component renders without crashing 1`] = `
<section>
  <p>
    This project is created by @helmuthdu.
  </p>
  <p>
    For any question, I'm on
     
    <a
      href="mailto:helmuthdu@gmail.com"
      target="blank"
    >
      helmuthdu@gmail.com
    </a>
  </p>
  <p>
    For any issues, any PR are welcoming
    <a
      href="https://github.com/helmuthdu/react-start"
      target="blank"
    >
       
      on this repository
    </a>
  </p>
</section>
`;
